msis@msis:~$ mkdir -p ~/.docker/cli-plugins/
msis@msis:~$ 
curl -SL https://github.com/docker/compose/releases/download/v2.3.3/docker-compose-linux-x86_64 -o ~/.docker/cli-plugins/docker-compose
  % Total    % Received % Xferd  Average Speed   Time    Time     Time  Current
                                 Dload  Upload   Total   Spent    Left  Speed
  0     0    0     0    0     0      0      0 --:--:-- --:--:-- --:--:--     0
100 24.8M  100 24.8M    0     0   739k      0  0:00:34  0:00:34 --:--:-- 1195k
msis@msis:~$ sudo chmod +x ~/.docker/cli-plugins/docker-compose
[sudo] password for msis: 
msis@msis:~$ sudo docker-compose --version
sudo: docker-compose: command not found
msis@msis:~$ sudo apt-grt install docker-compose --version
sudo: apt-grt: command not found
msis@msis:~$ sudo apt-get install docker-compose --version
apt 2.4.13 (amd64)
Supported modules:
*Ver: Standard .deb
 Pkg:  Debian APT solver interface (Priority -1000)
 Pkg:  Debian APT planner interface (Priority -1000)
*Pkg:  Debian dpkg interface (Priority 30)
 S.L: 'deb' Debian binary tree
 S.L: 'deb-src' Debian source tree
 Idx: EDSP scenario file
 Idx: EIPP scenario file
 Idx: Debian Source Index
 Idx: Debian Package Index
 Idx: Debian Translation Index
 Idx: Debian dpkg status file
 Idx: Debian deb file
 Idx: Debian dsc file
 Idx: Debian control file
msis@msis:~$ sudo apt-get install docker-compose
Reading package lists... Done
Building dependency tree... Done
Reading state information... Done
The following additional packages will be installed:
  python3-attr python3-docker python3-dockerpty python3-docopt python3-dotenv
  python3-jsonschema python3-pyrsistent python3-texttable python3-websocket
Suggested packages:
  python-attr-doc python-jsonschema-doc
The following NEW packages will be installed:
  docker-compose python3-attr python3-docker python3-dockerpty python3-docopt
  python3-dotenv python3-jsonschema python3-pyrsistent python3-texttable
  python3-websocket
0 upgraded, 10 newly installed, 0 to remove and 53 not upgraded.
Need to get 432 kB of archives.
After this operation, 2,277 kB of additional disk space will be used.
Do you want to continue? [Y/n] Y
Get:1 http://in.archive.ubuntu.com/ubuntu jammy/universe amd64 python3-websocket all 1.2.3-1 [34.7 kB]
Get:2 http://in.archive.ubuntu.com/ubuntu jammy/universe amd64 python3-docker all 5.0.3-1 [89.3 kB]
Get:3 http://in.archive.ubuntu.com/ubuntu jammy/universe amd64 python3-dockerpty all 0.4.1-2 [11.1 kB]
Get:4 http://in.archive.ubuntu.com/ubuntu jammy/universe amd64 python3-docopt all 0.6.2-4 [26.9 kB]
Get:5 http://in.archive.ubuntu.com/ubuntu jammy/universe amd64 python3-dotenv all 0.19.2-1 [20.5 kB]
Get:6 http://in.archive.ubuntu.com/ubuntu jammy/main amd64 python3-attr all 21.2.0-1 [44.0 kB]
Get:7 http://in.archive.ubuntu.com/ubuntu jammy/main amd64 python3-pyrsistent amd64 0.18.1-1build1 [55.5 kB]
Get:8 http://in.archive.ubuntu.com/ubuntu jammy/main amd64 python3-jsonschema all 3.2.0-0ubuntu2 [43.1 kB]
Get:9 http://in.archive.ubuntu.com/ubuntu jammy/universe amd64 python3-texttable all 1.6.4-1 [11.4 kB]
Get:10 http://in.archive.ubuntu.com/ubuntu jammy/universe amd64 docker-compose all 1.29.2-1 [95.8 kB]
Fetched 432 kB in 5s (85.8 kB/s)          
Selecting previously unselected package python3-websocket.
(Reading database ... 230878 files and directories currently installed.)
Preparing to unpack .../0-python3-websocket_1.2.3-1_all.deb ...
Unpacking python3-websocket (1.2.3-1) ...
Selecting previously unselected package python3-docker.
Preparing to unpack .../1-python3-docker_5.0.3-1_all.deb ...
Unpacking python3-docker (5.0.3-1) ...
Selecting previously unselected package python3-dockerpty.
Preparing to unpack .../2-python3-dockerpty_0.4.1-2_all.deb ...
Unpacking python3-dockerpty (0.4.1-2) ...
Selecting previously unselected package python3-docopt.
Preparing to unpack .../3-python3-docopt_0.6.2-4_all.deb ...
Unpacking python3-docopt (0.6.2-4) ...
Selecting previously unselected package python3-dotenv.
Preparing to unpack .../4-python3-dotenv_0.19.2-1_all.deb ...
Unpacking python3-dotenv (0.19.2-1) ...
Selecting previously unselected package python3-attr.
Preparing to unpack .../5-python3-attr_21.2.0-1_all.deb ...
Unpacking python3-attr (21.2.0-1) ...
Selecting previously unselected package python3-pyrsistent:amd64.
Preparing to unpack .../6-python3-pyrsistent_0.18.1-1build1_amd64.deb ...
Unpacking python3-pyrsistent:amd64 (0.18.1-1build1) ...
Selecting previously unselected package python3-jsonschema.
Preparing to unpack .../7-python3-jsonschema_3.2.0-0ubuntu2_all.deb ...
Unpacking python3-jsonschema (3.2.0-0ubuntu2) ...
Selecting previously unselected package python3-texttable.
Preparing to unpack .../8-python3-texttable_1.6.4-1_all.deb ...
Unpacking python3-texttable (1.6.4-1) ...
Selecting previously unselected package docker-compose.
Preparing to unpack .../9-docker-compose_1.29.2-1_all.deb ...
Unpacking docker-compose (1.29.2-1) ...
Setting up python3-dotenv (0.19.2-1) ...
Setting up python3-attr (21.2.0-1) ...
Setting up python3-texttable (1.6.4-1) ...
Setting up python3-docopt (0.6.2-4) ...
Setting up python3-pyrsistent:amd64 (0.18.1-1build1) ...
Setting up python3-websocket (1.2.3-1) ...
Setting up python3-dockerpty (0.4.1-2) ...
Setting up python3-docker (5.0.3-1) ...
Setting up python3-jsonschema (3.2.0-0ubuntu2) ...
Setting up docker-compose (1.29.2-1) ...
Processing triggers for man-db (2.10.2-1) ...
msis@msis:~$ sudo docker-compose --version
docker-compose version 1.29.2, build unknown
msis@msis:~$ cd Cafe_Dynamic_Website/
msis@msis:~/Cafe_Dynamic_Website$ ls
Deploy  docker-compose.yml  GitOps  mompopcafe  mompopdb  README.md  test
msis@msis:~/Cafe_Dynamic_Website$ cd mompopcafe
msis@msis:~/Cafe_Dynamic_Website/mompopcafe$ ls
AWSSDK  Dockerfile            images     menu.php          processOrder.php
css     getAppParameters.php  index.php  orderHistory.php  serverInfo.php
msis@msis:~/Cafe_Dynamic_Website/mompopcafe$ sudo nano getAppParameters.php
msis@msis:~/Cafe_Dynamic_Website/mompopcafe$ sudo docker-compose up --build
Creating network "cafe_dynamic_website_default" with the default driver
Creating volume "cafe_dynamic_website_mysql_data" with default driver
Pulling mysql (mysql:latest)...
latest: Pulling from library/mysql
1d19e87a21f5: Pull complete
16ec22ff04f9: Pull complete
9f789b8d2675: Pull complete
96f4da41c548: Pull complete
fb087646189b: Pull complete
023374826adc: Pull complete
8293a632aa25: Pull complete
c3947540e0c6: Pull complete
c38bed95fb4b: Pull complete
712eb897f1e5: Pull complete
Digest: sha256:b842a59bfaf81ea435b65be7e041c280416df8d295457f64c7c1445484464123
Status: Downloaded newer image for mysql:latest
Building cafeapp
DEPRECATED: The legacy builder is deprecated and will be removed in a future release.
            Install the buildx component to build images with BuildKit:
            https://docs.docker.com/go/buildx/

Sending build context to Docker daemon  57.74MB
Step 1/6 : FROM php:7.4-apache
7.4-apache: Pulling from library/php
a603fa5e3b41: Pull complete 
c428f1a49423: Pull complete 
156740b07ef8: Pull complete 
fb5a4c8af82f: Pull complete 
25f85b498fd5: Pull complete 
9b233e420ac7: Pull complete 
fe42347c4ecf: Pull complete 
d14eb2ed1e17: Pull complete 
66d98f73acb6: Pull complete 
d2c43c5efbc8: Pull complete 
ab590b48ea47: Pull complete 
80692ae2d067: Pull complete 
05e465aaa99a: Pull complete 
Digest: sha256:c9d7e608f73832673479770d66aacc8100011ec751d1905ff63fae3fe2e0ca6d
Status: Downloaded newer image for php:7.4-apache
 ---> 20a3732f422b
Step 2/6 : RUN sed -i 's|http://deb.debian.org/debian/|http://ftp.debian.org/debian/|g' /etc/apt/sources.list
 ---> Running in cff80b2396b5
Removing intermediate container cff80b2396b5
 ---> 95001e8e39c6
Step 3/6 : RUN apt-get update -y
 ---> Running in 40f086f1f8ab
Err:1 http://deb.debian.org/debian bullseye InRelease
  Connection failed [IP: 151.101.194.132 80]
Err:2 http://deb.debian.org/debian-security bullseye-security InRelease
  Connection failed [IP: 151.101.66.132 80]
Err:3 http://deb.debian.org/debian bullseye-updates InRelease
  Connection failed [IP: 151.101.194.132 80]
Reading package lists...
W: Failed to fetch http://deb.debian.org/debian/dists/bullseye/InRelease  Connection failed [IP: 151.101.194.132 80]
W: Failed to fetch http://deb.debian.org/debian-security/dists/bullseye-security/InRelease  Connection failed [IP: 151.101.66.132 80]
W: Failed to fetch http://deb.debian.org/debian/dists/bullseye-updates/InRelease  Connection failed [IP: 151.101.194.132 80]
W: Some index files failed to download. They have been ignored, or old ones used instead.
Removing intermediate container 40f086f1f8ab
 ---> 75f367cfc3dd
Step 4/6 : RUN docker-php-ext-install mysqli
 ---> Running in 29890200b3b3
Configuring for:
PHP Api Version:         20190902
Zend Module Api No:      20190902
Zend Extension Api No:   320190902
checking for grep that handles long lines and -e... /bin/grep
checking for egrep... /bin/grep -E
checking for a sed that does not truncate output... /bin/sed
checking for pkg-config... /usr/bin/pkg-config
checking pkg-config is at least version 0.9.0... yes
checking for cc... cc
checking whether the C compiler works... yes
checking for C compiler default output file name... a.out
checking for suffix of executables... 
checking whether we are cross compiling... no
checking for suffix of object files... o
checking whether we are using the GNU C compiler... yes
checking whether cc accepts -g... yes
checking for cc option to accept ISO C89... none needed
checking how to run the C preprocessor... cc -E
checking for icc... no
checking for suncc... no
checking for system library directory... lib
checking if compiler supports -R... no
checking if compiler supports -Wl,-rpath,... yes
checking build system type... x86_64-pc-linux-gnu
checking host system type... x86_64-pc-linux-gnu
checking target system type... x86_64-pc-linux-gnu
checking for PHP prefix... /usr/local
checking for PHP includes... -I/usr/local/include/php -I/usr/local/include/php/main -I/usr/local/include/php/TSRM -I/usr/local/include/php/Zend -I/usr/local/include/php/ext -I/usr/local/include/php/ext/date/lib
checking for PHP extension directory... /usr/local/lib/php/extensions/no-debug-non-zts-20190902
checking for PHP installed headers prefix... /usr/local/include/php
checking if debug is enabled... no
checking if zts is enabled... no
checking for gawk... no
checking for nawk... nawk
checking if nawk is broken... no
checking for MySQLi support... yes, shared
checking for specified location of the MySQL UNIX socket... no
checking for MySQL UNIX socket location... no
checking for a sed that does not truncate output... /bin/sed
checking for ld used by cc... /usr/bin/ld
checking if the linker (/usr/bin/ld) is GNU ld... yes
checking for /usr/bin/ld option to reload object files... -r
checking for BSD-compatible nm... /usr/bin/nm -B
checking whether ln -s works... yes
checking how to recognize dependent libraries... pass_all
checking for ANSI C header files... yes
checking for sys/types.h... yes
checking for sys/stat.h... yes
checking for stdlib.h... yes
checking for string.h... yes
checking for memory.h... yes
checking for strings.h... yes
checking for inttypes.h... yes
checking for stdint.h... yes
checking for unistd.h... yes
checking dlfcn.h usability... yes
checking dlfcn.h presence... yes
checking for dlfcn.h... yes
checking the maximum length of command line arguments... 1572864
checking command to parse /usr/bin/nm -B output from cc object... ok
checking for objdir... .libs
checking for ar... ar
checking for ranlib... ranlib
checking for strip... strip
checking if cc supports -fno-rtti -fno-exceptions... no
checking for cc option to produce PIC... -fPIC
checking if cc PIC flag -fPIC works... yes
checking if cc static flag -static works... yes
checking if cc supports -c -o file.o... yes
checking whether the cc linker (/usr/bin/ld -m elf_x86_64) supports shared libraries... yes
checking whether -lc should be explicitly linked in... no
checking dynamic linker characteristics... GNU/Linux ld.so
checking how to hardcode library paths into programs... immediate
checking whether stripping libraries is possible... yes
checking if libtool supports shared libraries... yes
checking whether to build shared libraries... yes
checking whether to build static libraries... no

creating libtool
appending configuration tag "CXX" to libtool
configure: patching config.h.in
configure: creating ./config.status
config.status: creating config.h
/bin/bash /usr/src/php/ext/mysqli/libtool --mode=compile cc -DZEND_ENABLE_STATIC_TSRMLS_CACHE=1 -I. -I/usr/src/php/ext/mysqli -DPHP_ATOM_INC -I/usr/src/php/ext/mysqli/include -I/usr/src/php/ext/mysqli/main -I/usr/src/php/ext/mysqli -I/usr/local/include/php -I/usr/local/include/php/main -I/usr/local/include/php/TSRM -I/usr/local/include/php/Zend -I/usr/local/include/php/ext -I/usr/local/include/php/ext/date/lib  -fstack-protector-strong -fpic -fpie -O2 -D_LARGEFILE_SOURCE -D_FILE_OFFSET_BITS=64 -DHAVE_CONFIG_H  -fstack-protector-strong -fpic -fpie -O2 -D_LARGEFILE_SOURCE -D_FILE_OFFSET_BITS=64   -c /usr/src/php/ext/mysqli/mysqli.c -o mysqli.lo 
mkdir .libs
 cc -DZEND_ENABLE_STATIC_TSRMLS_CACHE=1 -I. -I/usr/src/php/ext/mysqli -DPHP_ATOM_INC -I/usr/src/php/ext/mysqli/include -I/usr/src/php/ext/mysqli/main -I/usr/src/php/ext/mysqli -I/usr/local/include/php -I/usr/local/include/php/main -I/usr/local/include/php/TSRM -I/usr/local/include/php/Zend -I/usr/local/include/php/ext -I/usr/local/include/php/ext/date/lib -fstack-protector-strong -fpic -fpie -O2 -D_LARGEFILE_SOURCE -D_FILE_OFFSET_BITS=64 -DHAVE_CONFIG_H -fstack-protector-strong -fpic -fpie -O2 -D_LARGEFILE_SOURCE -D_FILE_OFFSET_BITS=64 -c /usr/src/php/ext/mysqli/mysqli.c  -fPIC -DPIC -o .libs/mysqli.o
/bin/bash /usr/src/php/ext/mysqli/libtool --mode=compile cc -DZEND_ENABLE_STATIC_TSRMLS_CACHE=1 -I. -I/usr/src/php/ext/mysqli -DPHP_ATOM_INC -I/usr/src/php/ext/mysqli/include -I/usr/src/php/ext/mysqli/main -I/usr/src/php/ext/mysqli -I/usr/local/include/php -I/usr/local/include/php/main -I/usr/local/include/php/TSRM -I/usr/local/include/php/Zend -I/usr/local/include/php/ext -I/usr/local/include/php/ext/date/lib  -fstack-protector-strong -fpic -fpie -O2 -D_LARGEFILE_SOURCE -D_FILE_OFFSET_BITS=64 -DHAVE_CONFIG_H  -fstack-protector-strong -fpic -fpie -O2 -D_LARGEFILE_SOURCE -D_FILE_OFFSET_BITS=64   -c /usr/src/php/ext/mysqli/mysqli_api.c -o mysqli_api.lo 
 cc -DZEND_ENABLE_STATIC_TSRMLS_CACHE=1 -I. -I/usr/src/php/ext/mysqli -DPHP_ATOM_INC -I/usr/src/php/ext/mysqli/include -I/usr/src/php/ext/mysqli/main -I/usr/src/php/ext/mysqli -I/usr/local/include/php -I/usr/local/include/php/main -I/usr/local/include/php/TSRM -I/usr/local/include/php/Zend -I/usr/local/include/php/ext -I/usr/local/include/php/ext/date/lib -fstack-protector-strong -fpic -fpie -O2 -D_LARGEFILE_SOURCE -D_FILE_OFFSET_BITS=64 -DHAVE_CONFIG_H -fstack-protector-strong -fpic -fpie -O2 -D_LARGEFILE_SOURCE -D_FILE_OFFSET_BITS=64 -c /usr/src/php/ext/mysqli/mysqli_api.c  -fPIC -DPIC -o .libs/mysqli_api.o
/bin/bash /usr/src/php/ext/mysqli/libtool --mode=compile cc -DZEND_ENABLE_STATIC_TSRMLS_CACHE=1 -I. -I/usr/src/php/ext/mysqli -DPHP_ATOM_INC -I/usr/src/php/ext/mysqli/include -I/usr/src/php/ext/mysqli/main -I/usr/src/php/ext/mysqli -I/usr/local/include/php -I/usr/local/include/php/main -I/usr/local/include/php/TSRM -I/usr/local/include/php/Zend -I/usr/local/include/php/ext -I/usr/local/include/php/ext/date/lib  -fstack-protector-strong -fpic -fpie -O2 -D_LARGEFILE_SOURCE -D_FILE_OFFSET_BITS=64 -DHAVE_CONFIG_H  -fstack-protector-strong -fpic -fpie -O2 -D_LARGEFILE_SOURCE -D_FILE_OFFSET_BITS=64   -c /usr/src/php/ext/mysqli/mysqli_prop.c -o mysqli_prop.lo 
 cc -DZEND_ENABLE_STATIC_TSRMLS_CACHE=1 -I. -I/usr/src/php/ext/mysqli -DPHP_ATOM_INC -I/usr/src/php/ext/mysqli/include -I/usr/src/php/ext/mysqli/main -I/usr/src/php/ext/mysqli -I/usr/local/include/php -I/usr/local/include/php/main -I/usr/local/include/php/TSRM -I/usr/local/include/php/Zend -I/usr/local/include/php/ext -I/usr/local/include/php/ext/date/lib -fstack-protector-strong -fpic -fpie -O2 -D_LARGEFILE_SOURCE -D_FILE_OFFSET_BITS=64 -DHAVE_CONFIG_H -fstack-protector-strong -fpic -fpie -O2 -D_LARGEFILE_SOURCE -D_FILE_OFFSET_BITS=64 -c /usr/src/php/ext/mysqli/mysqli_prop.c  -fPIC -DPIC -o .libs/mysqli_prop.o
/bin/bash /usr/src/php/ext/mysqli/libtool --mode=compile cc -DZEND_ENABLE_STATIC_TSRMLS_CACHE=1 -I. -I/usr/src/php/ext/mysqli -DPHP_ATOM_INC -I/usr/src/php/ext/mysqli/include -I/usr/src/php/ext/mysqli/main -I/usr/src/php/ext/mysqli -I/usr/local/include/php -I/usr/local/include/php/main -I/usr/local/include/php/TSRM -I/usr/local/include/php/Zend -I/usr/local/include/php/ext -I/usr/local/include/php/ext/date/lib  -fstack-protector-strong -fpic -fpie -O2 -D_LARGEFILE_SOURCE -D_FILE_OFFSET_BITS=64 -DHAVE_CONFIG_H  -fstack-protector-strong -fpic -fpie -O2 -D_LARGEFILE_SOURCE -D_FILE_OFFSET_BITS=64   -c /usr/src/php/ext/mysqli/mysqli_nonapi.c -o mysqli_nonapi.lo 
 cc -DZEND_ENABLE_STATIC_TSRMLS_CACHE=1 -I. -I/usr/src/php/ext/mysqli -DPHP_ATOM_INC -I/usr/src/php/ext/mysqli/include -I/usr/src/php/ext/mysqli/main -I/usr/src/php/ext/mysqli -I/usr/local/include/php -I/usr/local/include/php/main -I/usr/local/include/php/TSRM -I/usr/local/include/php/Zend -I/usr/local/include/php/ext -I/usr/local/include/php/ext/date/lib -fstack-protector-strong -fpic -fpie -O2 -D_LARGEFILE_SOURCE -D_FILE_OFFSET_BITS=64 -DHAVE_CONFIG_H -fstack-protector-strong -fpic -fpie -O2 -D_LARGEFILE_SOURCE -D_FILE_OFFSET_BITS=64 -c /usr/src/php/ext/mysqli/mysqli_nonapi.c  -fPIC -DPIC -o .libs/mysqli_nonapi.o
/bin/bash /usr/src/php/ext/mysqli/libtool --mode=compile cc -DZEND_ENABLE_STATIC_TSRMLS_CACHE=1 -I. -I/usr/src/php/ext/mysqli -DPHP_ATOM_INC -I/usr/src/php/ext/mysqli/include -I/usr/src/php/ext/mysqli/main -I/usr/src/php/ext/mysqli -I/usr/local/include/php -I/usr/local/include/php/main -I/usr/local/include/php/TSRM -I/usr/local/include/php/Zend -I/usr/local/include/php/ext -I/usr/local/include/php/ext/date/lib  -fstack-protector-strong -fpic -fpie -O2 -D_LARGEFILE_SOURCE -D_FILE_OFFSET_BITS=64 -DHAVE_CONFIG_H  -fstack-protector-strong -fpic -fpie -O2 -D_LARGEFILE_SOURCE -D_FILE_OFFSET_BITS=64   -c /usr/src/php/ext/mysqli/mysqli_fe.c -o mysqli_fe.lo 
 cc -DZEND_ENABLE_STATIC_TSRMLS_CACHE=1 -I. -I/usr/src/php/ext/mysqli -DPHP_ATOM_INC -I/usr/src/php/ext/mysqli/include -I/usr/src/php/ext/mysqli/main -I/usr/src/php/ext/mysqli -I/usr/local/include/php -I/usr/local/include/php/main -I/usr/local/include/php/TSRM -I/usr/local/include/php/Zend -I/usr/local/include/php/ext -I/usr/local/include/php/ext/date/lib -fstack-protector-strong -fpic -fpie -O2 -D_LARGEFILE_SOURCE -D_FILE_OFFSET_BITS=64 -DHAVE_CONFIG_H -fstack-protector-strong -fpic -fpie -O2 -D_LARGEFILE_SOURCE -D_FILE_OFFSET_BITS=64 -c /usr/src/php/ext/mysqli/mysqli_fe.c  -fPIC -DPIC -o .libs/mysqli_fe.o
/bin/bash /usr/src/php/ext/mysqli/libtool --mode=compile cc -DZEND_ENABLE_STATIC_TSRMLS_CACHE=1 -I. -I/usr/src/php/ext/mysqli -DPHP_ATOM_INC -I/usr/src/php/ext/mysqli/include -I/usr/src/php/ext/mysqli/main -I/usr/src/php/ext/mysqli -I/usr/local/include/php -I/usr/local/include/php/main -I/usr/local/include/php/TSRM -I/usr/local/include/php/Zend -I/usr/local/include/php/ext -I/usr/local/include/php/ext/date/lib  -fstack-protector-strong -fpic -fpie -O2 -D_LARGEFILE_SOURCE -D_FILE_OFFSET_BITS=64 -DHAVE_CONFIG_H  -fstack-protector-strong -fpic -fpie -O2 -D_LARGEFILE_SOURCE -D_FILE_OFFSET_BITS=64   -c /usr/src/php/ext/mysqli/mysqli_report.c -o mysqli_report.lo 
 cc -DZEND_ENABLE_STATIC_TSRMLS_CACHE=1 -I. -I/usr/src/php/ext/mysqli -DPHP_ATOM_INC -I/usr/src/php/ext/mysqli/include -I/usr/src/php/ext/mysqli/main -I/usr/src/php/ext/mysqli -I/usr/local/include/php -I/usr/local/include/php/main -I/usr/local/include/php/TSRM -I/usr/local/include/php/Zend -I/usr/local/include/php/ext -I/usr/local/include/php/ext/date/lib -fstack-protector-strong -fpic -fpie -O2 -D_LARGEFILE_SOURCE -D_FILE_OFFSET_BITS=64 -DHAVE_CONFIG_H -fstack-protector-strong -fpic -fpie -O2 -D_LARGEFILE_SOURCE -D_FILE_OFFSET_BITS=64 -c /usr/src/php/ext/mysqli/mysqli_report.c  -fPIC -DPIC -o .libs/mysqli_report.o
/bin/bash /usr/src/php/ext/mysqli/libtool --mode=compile cc -DZEND_ENABLE_STATIC_TSRMLS_CACHE=1 -I. -I/usr/src/php/ext/mysqli -DPHP_ATOM_INC -I/usr/src/php/ext/mysqli/include -I/usr/src/php/ext/mysqli/main -I/usr/src/php/ext/mysqli -I/usr/local/include/php -I/usr/local/include/php/main -I/usr/local/include/php/TSRM -I/usr/local/include/php/Zend -I/usr/local/include/php/ext -I/usr/local/include/php/ext/date/lib  -fstack-protector-strong -fpic -fpie -O2 -D_LARGEFILE_SOURCE -D_FILE_OFFSET_BITS=64 -DHAVE_CONFIG_H  -fstack-protector-strong -fpic -fpie -O2 -D_LARGEFILE_SOURCE -D_FILE_OFFSET_BITS=64   -c /usr/src/php/ext/mysqli/mysqli_driver.c -o mysqli_driver.lo 
 cc -DZEND_ENABLE_STATIC_TSRMLS_CACHE=1 -I. -I/usr/src/php/ext/mysqli -DPHP_ATOM_INC -I/usr/src/php/ext/mysqli/include -I/usr/src/php/ext/mysqli/main -I/usr/src/php/ext/mysqli -I/usr/local/include/php -I/usr/local/include/php/main -I/usr/local/include/php/TSRM -I/usr/local/include/php/Zend -I/usr/local/include/php/ext -I/usr/local/include/php/ext/date/lib -fstack-protector-strong -fpic -fpie -O2 -D_LARGEFILE_SOURCE -D_FILE_OFFSET_BITS=64 -DHAVE_CONFIG_H -fstack-protector-strong -fpic -fpie -O2 -D_LARGEFILE_SOURCE -D_FILE_OFFSET_BITS=64 -c /usr/src/php/ext/mysqli/mysqli_driver.c  -fPIC -DPIC -o .libs/mysqli_driver.o
/bin/bash /usr/src/php/ext/mysqli/libtool --mode=compile cc -DZEND_ENABLE_STATIC_TSRMLS_CACHE=1 -I. -I/usr/src/php/ext/mysqli -DPHP_ATOM_INC -I/usr/src/php/ext/mysqli/include -I/usr/src/php/ext/mysqli/main -I/usr/src/php/ext/mysqli -I/usr/local/include/php -I/usr/local/include/php/main -I/usr/local/include/php/TSRM -I/usr/local/include/php/Zend -I/usr/local/include/php/ext -I/usr/local/include/php/ext/date/lib  -fstack-protector-strong -fpic -fpie -O2 -D_LARGEFILE_SOURCE -D_FILE_OFFSET_BITS=64 -DHAVE_CONFIG_H  -fstack-protector-strong -fpic -fpie -O2 -D_LARGEFILE_SOURCE -D_FILE_OFFSET_BITS=64   -c /usr/src/php/ext/mysqli/mysqli_warning.c -o mysqli_warning.lo 
 cc -DZEND_ENABLE_STATIC_TSRMLS_CACHE=1 -I. -I/usr/src/php/ext/mysqli -DPHP_ATOM_INC -I/usr/src/php/ext/mysqli/include -I/usr/src/php/ext/mysqli/main -I/usr/src/php/ext/mysqli -I/usr/local/include/php -I/usr/local/include/php/main -I/usr/local/include/php/TSRM -I/usr/local/include/php/Zend -I/usr/local/include/php/ext -I/usr/local/include/php/ext/date/lib -fstack-protector-strong -fpic -fpie -O2 -D_LARGEFILE_SOURCE -D_FILE_OFFSET_BITS=64 -DHAVE_CONFIG_H -fstack-protector-strong -fpic -fpie -O2 -D_LARGEFILE_SOURCE -D_FILE_OFFSET_BITS=64 -c /usr/src/php/ext/mysqli/mysqli_warning.c  -fPIC -DPIC -o .libs/mysqli_warning.o
/bin/bash /usr/src/php/ext/mysqli/libtool --mode=compile cc -DZEND_ENABLE_STATIC_TSRMLS_CACHE=1 -I. -I/usr/src/php/ext/mysqli -DPHP_ATOM_INC -I/usr/src/php/ext/mysqli/include -I/usr/src/php/ext/mysqli/main -I/usr/src/php/ext/mysqli -I/usr/local/include/php -I/usr/local/include/php/main -I/usr/local/include/php/TSRM -I/usr/local/include/php/Zend -I/usr/local/include/php/ext -I/usr/local/include/php/ext/date/lib  -fstack-protector-strong -fpic -fpie -O2 -D_LARGEFILE_SOURCE -D_FILE_OFFSET_BITS=64 -DHAVE_CONFIG_H  -fstack-protector-strong -fpic -fpie -O2 -D_LARGEFILE_SOURCE -D_FILE_OFFSET_BITS=64   -c /usr/src/php/ext/mysqli/mysqli_exception.c -o mysqli_exception.lo 
 cc -DZEND_ENABLE_STATIC_TSRMLS_CACHE=1 -I. -I/usr/src/php/ext/mysqli -DPHP_ATOM_INC -I/usr/src/php/ext/mysqli/include -I/usr/src/php/ext/mysqli/main -I/usr/src/php/ext/mysqli -I/usr/local/include/php -I/usr/local/include/php/main -I/usr/local/include/php/TSRM -I/usr/local/include/php/Zend -I/usr/local/include/php/ext -I/usr/local/include/php/ext/date/lib -fstack-protector-strong -fpic -fpie -O2 -D_LARGEFILE_SOURCE -D_FILE_OFFSET_BITS=64 -DHAVE_CONFIG_H -fstack-protector-strong -fpic -fpie -O2 -D_LARGEFILE_SOURCE -D_FILE_OFFSET_BITS=64 -c /usr/src/php/ext/mysqli/mysqli_exception.c  -fPIC -DPIC -o .libs/mysqli_exception.o
/bin/bash /usr/src/php/ext/mysqli/libtool --mode=compile cc -DZEND_ENABLE_STATIC_TSRMLS_CACHE=1 -I. -I/usr/src/php/ext/mysqli -DPHP_ATOM_INC -I/usr/src/php/ext/mysqli/include -I/usr/src/php/ext/mysqli/main -I/usr/src/php/ext/mysqli -I/usr/local/include/php -I/usr/local/include/php/main -I/usr/local/include/php/TSRM -I/usr/local/include/php/Zend -I/usr/local/include/php/ext -I/usr/local/include/php/ext/date/lib  -fstack-protector-strong -fpic -fpie -O2 -D_LARGEFILE_SOURCE -D_FILE_OFFSET_BITS=64 -DHAVE_CONFIG_H  -fstack-protector-strong -fpic -fpie -O2 -D_LARGEFILE_SOURCE -D_FILE_OFFSET_BITS=64   -c /usr/src/php/ext/mysqli/mysqli_result_iterator.c -o mysqli_result_iterator.lo 
 cc -DZEND_ENABLE_STATIC_TSRMLS_CACHE=1 -I. -I/usr/src/php/ext/mysqli -DPHP_ATOM_INC -I/usr/src/php/ext/mysqli/include -I/usr/src/php/ext/mysqli/main -I/usr/src/php/ext/mysqli -I/usr/local/include/php -I/usr/local/include/php/main -I/usr/local/include/php/TSRM -I/usr/local/include/php/Zend -I/usr/local/include/php/ext -I/usr/local/include/php/ext/date/lib -fstack-protector-strong -fpic -fpie -O2 -D_LARGEFILE_SOURCE -D_FILE_OFFSET_BITS=64 -DHAVE_CONFIG_H -fstack-protector-strong -fpic -fpie -O2 -D_LARGEFILE_SOURCE -D_FILE_OFFSET_BITS=64 -c /usr/src/php/ext/mysqli/mysqli_result_iterator.c  -fPIC -DPIC -o .libs/mysqli_result_iterator.o
/bin/bash /usr/src/php/ext/mysqli/libtool --mode=link cc -DPHP_ATOM_INC -I/usr/src/php/ext/mysqli/include -I/usr/src/php/ext/mysqli/main -I/usr/src/php/ext/mysqli -I/usr/local/include/php -I/usr/local/include/php/main -I/usr/local/include/php/TSRM -I/usr/local/include/php/Zend -I/usr/local/include/php/ext -I/usr/local/include/php/ext/date/lib  -fstack-protector-strong -fpic -fpie -O2 -D_LARGEFILE_SOURCE -D_FILE_OFFSET_BITS=64 -DHAVE_CONFIG_H  -fstack-protector-strong -fpic -fpie -O2 -D_LARGEFILE_SOURCE -D_FILE_OFFSET_BITS=64  -Wl,-O1 -pie  -o mysqli.la -export-dynamic -avoid-version -prefer-pic -module -rpath /usr/src/php/ext/mysqli/modules  mysqli.lo mysqli_api.lo mysqli_prop.lo mysqli_nonapi.lo mysqli_fe.lo mysqli_report.lo mysqli_driver.lo mysqli_warning.lo mysqli_exception.lo mysqli_result_iterator.lo 
cc -shared  .libs/mysqli.o .libs/mysqli_api.o .libs/mysqli_prop.o .libs/mysqli_nonapi.o .libs/mysqli_fe.o .libs/mysqli_report.o .libs/mysqli_driver.o .libs/mysqli_warning.o .libs/mysqli_exception.o .libs/mysqli_result_iterator.o   -Wl,-O1 -Wl,-soname -Wl,mysqli.so -o .libs/mysqli.so
creating mysqli.la
(cd .libs && rm -f mysqli.la && ln -s ../mysqli.la mysqli.la)
/bin/bash /usr/src/php/ext/mysqli/libtool --mode=install cp ./mysqli.la /usr/src/php/ext/mysqli/modules
cp ./.libs/mysqli.so /usr/src/php/ext/mysqli/modules/mysqli.so
cp ./.libs/mysqli.lai /usr/src/php/ext/mysqli/modules/mysqli.la
PATH="$PATH:/sbin" ldconfig -n /usr/src/php/ext/mysqli/modules
----------------------------------------------------------------------
Libraries have been installed in:
   /usr/src/php/ext/mysqli/modules

If you ever happen to want to link against installed libraries
in a given directory, LIBDIR, you must either use libtool, and
specify the full pathname of the library, or use the `-LLIBDIR'
flag during linking and do at least one of the following:
   - add LIBDIR to the `LD_LIBRARY_PATH' environment variable
     during execution
   - add LIBDIR to the `LD_RUN_PATH' environment variable
     during linking
   - use the `-Wl,--rpath -Wl,LIBDIR' linker flag
   - have your system administrator add LIBDIR to `/etc/ld.so.conf'

See any operating system documentation about shared libraries for
more information, such as the ld(1) and ld.so(8) manual pages.
----------------------------------------------------------------------

Build complete.
Don't forget to run 'make test'.

+ strip --strip-all modules/mysqli.so
Installing shared extensions:     /usr/local/lib/php/extensions/no-debug-non-zts-20190902/
Installing header files:          /usr/local/include/php/
find . -name \*.gcno -o -name \*.gcda | xargs rm -f
find . -name \*.lo -o -name \*.o | xargs rm -f
find . -name \*.la -o -name \*.a | xargs rm -f
find . -name \*.so | xargs rm -f
find . -name .libs -a -type d|xargs rm -rf
rm -f libphp.la      modules/* libs/*
Removing intermediate container 29890200b3b3
 ---> d83809116ae1
Step 5/6 : COPY . /var/www/html/
 ---> 2b52924d4e1d
Step 6/6 : EXPOSE 80
 ---> Running in a9cafddf2870
Removing intermediate container a9cafddf2870
 ---> 6b35043b194e
Successfully built 6b35043b194e
Successfully tagged sreedocker123/mompopcafeapp:v1
Creating mysql ... done
Creating mompopcafeapp ... done
Attaching to mysql, mompopcafeapp
mompopcafeapp | AH00558: apache2: Could not reliably determine the server's fully qualified domain name, using 172.18.0.3. Set the 'ServerName' directive globally to suppress this message
mompopcafeapp | AH00558: apache2: Could not reliably determine the server's fully qualified domain name, using 172.18.0.3. Set the 'ServerName' directive globally to suppress this message
mompopcafeapp | [Fri Feb 14 09:23:18.359575 2025] [mpm_prefork:notice] [pid 1] AH00163: Apache/2.4.54 (Debian) PHP/7.4.33 configured -- resuming normal operations
mompopcafeapp | [Fri Feb 14 09:23:18.359764 2025] [core:notice] [pid 1] AH00094: Command line: 'apache2 -D FOREGROUND'
mysql      | 2025-02-14 09:23:16+00:00 [Note] [Entrypoint]: Entrypoint script for MySQL Server 9.2.0-1.el9 started.
mysql      | 2025-02-14 09:23:18+00:00 [Note] [Entrypoint]: Switching to dedicated user 'mysql'
mysql      | 2025-02-14 09:23:18+00:00 [Note] [Entrypoint]: Entrypoint script for MySQL Server 9.2.0-1.el9 started.
mysql      | 2025-02-14 09:23:18+00:00 [Warn] [Entrypoint]: MYSQL_PASSWORD specified, but missing MYSQL_USER; MYSQL_PASSWORD will be ignored
mysql      | 2025-02-14 09:23:18+00:00 [Note] [Entrypoint]: Initializing database files
mysql      | 2025-02-14T09:23:18.529915Z 0 [System] [MY-015017] [Server] MySQL Server Initialization - start.
mysql      | 2025-02-14T09:23:18.531386Z 0 [System] [MY-013169] [Server] /usr/sbin/mysqld (mysqld 9.2.0) initializing of server in progress as process 81
mysql      | 2025-02-14T09:23:18.570981Z 1 [System] [MY-013576] [InnoDB] InnoDB initialization has started.
mysql      | 2025-02-14T09:23:23.829988Z 1 [System] [MY-013577] [InnoDB] InnoDB initialization has ended.
mysql      | 2025-02-14T09:23:36.676198Z 6 [Warning] [MY-010453] [Server] root@localhost is created with an empty password ! Please consider switching off the --initialize-insecure option.
mysql      | 2025-02-14T09:23:50.891969Z 0 [System] [MY-015018] [Server] MySQL Server Initialization - end.
mysql      | 2025-02-14 09:23:50+00:00 [Note] [Entrypoint]: Database files initialized
mysql      | 2025-02-14 09:23:50+00:00 [Note] [Entrypoint]: Starting temporary server
mysql      | 2025-02-14T09:23:50.953930Z 0 [System] [MY-015015] [Server] MySQL Server - start.
mysql      | 2025-02-14T09:23:51.209910Z 0 [System] [MY-010116] [Server] /usr/sbin/mysqld (mysqld 9.2.0) starting as process 122
mysql      | 2025-02-14T09:23:51.245269Z 1 [System] [MY-013576] [InnoDB] InnoDB initialization has started.
mysql      | 2025-02-14T09:23:55.831013Z 1 [System] [MY-013577] [InnoDB] InnoDB initialization has ended.
mysql      | 2025-02-14T09:23:56.844752Z 0 [Warning] [MY-010068] [Server] CA certificate ca.pem is self signed.
mysql      | 2025-02-14T09:23:56.844795Z 0 [System] [MY-013602] [Server] Channel mysql_main configured to support TLS. Encrypted connections are now supported for this channel.
mysql      | 2025-02-14T09:23:57.112234Z 0 [Warning] [MY-011810] [Server] Insecure configuration for --pid-file: Location '/var/run/mysqld' in the path is accessible to all OS users. Consider choosing a different directory.
mysql      | 2025-02-14T09:23:57.235615Z 0 [System] [MY-011323] [Server] X Plugin ready for connections. Socket: /var/run/mysqld/mysqlx.sock
mysql      | 2025-02-14T09:23:57.235710Z 0 [System] [MY-010931] [Server] /usr/sbin/mysqld: ready for connections. Version: '9.2.0'  socket: '/var/run/mysqld/mysqld.sock'  port: 0  MySQL Community Server - GPL.
mysql      | 2025-02-14 09:23:57+00:00 [Note] [Entrypoint]: Temporary server started.
mysql      | '/var/lib/mysql/mysql.sock' -> '/var/run/mysqld/mysqld.sock'
mysql      | Warning: Unable to load '/usr/share/zoneinfo/iso3166.tab' as time zone. Skipping it.
mysql      | Warning: Unable to load '/usr/share/zoneinfo/leap-seconds.list' as time zone. Skipping it.
mysql      | Warning: Unable to load '/usr/share/zoneinfo/leapseconds' as time zone. Skipping it.
mysql      | Warning: Unable to load '/usr/share/zoneinfo/tzdata.zi' as time zone. Skipping it.
mysql      | Warning: Unable to load '/usr/share/zoneinfo/zone.tab' as time zone. Skipping it.
mysql      | Warning: Unable to load '/usr/share/zoneinfo/zone1970.tab' as time zone. Skipping it.
mysql      | 2025-02-14 09:24:00+00:00 [Note] [Entrypoint]: Creating database mom_pop_db
mysql      | 
mysql      | 2025-02-14 09:24:00+00:00 [Note] [Entrypoint]: /usr/local/bin/docker-entrypoint.sh: running /docker-entrypoint-initdb.d/create-db.sql
mysql      | 
mysql      | 
mysql      | 2025-02-14 09:24:02+00:00 [Note] [Entrypoint]: Stopping temporary server
mysql      | 2025-02-14T09:24:02.472986Z 13 [System] [MY-013172] [Server] Received SHUTDOWN from user root. Shutting down mysqld (Version: 9.2.0).
mysql      | 2025-02-14T09:24:03.920085Z 0 [System] [MY-010910] [Server] /usr/sbin/mysqld: Shutdown complete (mysqld 9.2.0)  MySQL Community Server - GPL.
mysql      | 2025-02-14T09:24:03.920112Z 0 [System] [MY-015016] [Server] MySQL Server - end.
mysql      | 2025-02-14 09:24:04+00:00 [Note] [Entrypoint]: Temporary server stopped
mysql      | 
mysql      | 2025-02-14 09:24:04+00:00 [Note] [Entrypoint]: MySQL init process done. Ready for start up.
mysql      | 
mysql      | 2025-02-14T09:24:04.500572Z 0 [System] [MY-015015] [Server] MySQL Server - start.
mysql      | 2025-02-14T09:24:04.758931Z 0 [System] [MY-010116] [Server] /usr/sbin/mysqld (mysqld 9.2.0) starting as process 1
mysql      | 2025-02-14T09:24:04.765135Z 1 [System] [MY-013576] [InnoDB] InnoDB initialization has started.
mysql      | 2025-02-14T09:24:09.076175Z 1 [System] [MY-013577] [InnoDB] InnoDB initialization has ended.
mysql      | 2025-02-14T09:24:10.033609Z 0 [Warning] [MY-010068] [Server] CA certificate ca.pem is self signed.
mysql      | 2025-02-14T09:24:10.033688Z 0 [System] [MY-013602] [Server] Channel mysql_main configured to support TLS. Encrypted connections are now supported for this channel.
mysql      | 2025-02-14T09:24:10.099939Z 0 [Warning] [MY-011810] [Server] Insecure configuration for --pid-file: Location '/var/run/mysqld' in the path is accessible to all OS users. Consider choosing a different directory.
mysql      | 2025-02-14T09:24:10.345676Z 0 [System] [MY-011323] [Server] X Plugin ready for connections. Bind-address: '::' port: 33060, socket: /var/run/mysqld/mysqlx.sock
mysql      | 2025-02-14T09:24:10.345767Z 0 [System] [MY-010931] [Server] /usr/sbin/mysqld: ready for connections. Version: '9.2.0'  socket: '/var/run/mysqld/mysqld.sock'  port: 3306  MySQL Community Server - GPL.
mompopcafeapp | 172.16.51.51 - - [14/Feb/2025:09:41:14 +0000] "GET /menu.php HTTP/1.1" 200 2020 "-" "Mozilla/5.0 (X11; Ubuntu; Linux x86_64; rv:135.0) Gecko/20100101 Firefox/135.0"
mompopcafeapp | 172.16.51.51 - - [14/Feb/2025:09:41:14 +0000] "GET /css/styles.css HTTP/1.1" 200 911 "http://172.16.51.51:5000/menu.php" "Mozilla/5.0 (X11; Ubuntu; Linux x86_64; rv:135.0) Gecko/20100101 Firefox/135.0"
mompopcafeapp | 172.16.51.51 - - [14/Feb/2025:09:41:14 +0000] "GET /css/menu.css HTTP/1.1" 200 911 "http://172.16.51.51:5000/menu.php" "Mozilla/5.0 (X11; Ubuntu; Linux x86_64; rv:135.0) Gecko/20100101 Firefox/135.0"
mompopcafeapp | 172.16.51.51 - - [14/Feb/2025:09:41:14 +0000] "GET /images/Donuts.png HTTP/1.1" 200 3393552 "http://172.16.51.51:5000/menu.php" "Mozilla/5.0 (X11; Ubuntu; Linux x86_64; rv:135.0) Gecko/20100101 Firefox/135.0"
mompopcafeapp | 172.16.51.51 - - [14/Feb/2025:09:41:14 +0000] "GET /images/Chocolate-Chip-Cookies.png HTTP/1.1" 200 4029857 "http://172.16.51.51:5000/menu.php" "Mozilla/5.0 (X11; Ubuntu; Linux x86_64; rv:135.0) Gecko/20100101 Firefox/135.0"
mompopcafeapp | 172.16.51.51 - - [14/Feb/2025:09:41:14 +0000] "GET /images/Cup-of-Hot-Chocolate.png HTTP/1.1" 200 3763097 "http://172.16.51.51:5000/menu.php" "Mozilla/5.0 (X11; Ubuntu; Linux x86_64; rv:135.0) Gecko/20100101 Firefox/135.0"
mompopcafeapp | 172.16.51.51 - - [14/Feb/2025:09:41:14 +0000] "GET /images/Croissants.png HTTP/1.1" 200 2812292 "http://172.16.51.51:5000/menu.php" "Mozilla/5.0 (X11; Ubuntu; Linux x86_64; rv:135.0) Gecko/20100101 Firefox/135.0"
mompopcafeapp | 172.16.51.51 - - [14/Feb/2025:09:41:14 +0000] "GET /images/Latte.png HTTP/1.1" 200 3262322 "http://172.16.51.51:5000/menu.php" "Mozilla/5.0 (X11; Ubuntu; Linux x86_64; rv:135.0) Gecko/20100101 Firefox/135.0"
mompopcafeapp | 172.16.51.51 - - [14/Feb/2025:09:41:15 +0000] "GET /images/Strawberry-Tarts.png HTTP/1.1" 200 3615437 "http://172.16.51.51:5000/menu.php" "Mozilla/5.0 (X11; Ubuntu; Linux x86_64; rv:135.0) Gecko/20100101 Firefox/135.0"
mompopcafeapp | 172.16.51.51 - - [14/Feb/2025:09:41:14 +0000] "GET /images/Muffins.png HTTP/1.1" 200 3012773 "http://172.16.51.51:5000/menu.php" "Mozilla/5.0 (X11; Ubuntu; Linux x86_64; rv:135.0) Gecko/20100101 Firefox/135.0"
mompopcafeapp | 172.16.51.51 - - [14/Feb/2025:09:41:15 +0000] "GET /images/Strawberry-&-Blueberry-Tarts.png HTTP/1.1" 200 3090678 "http://172.16.51.51:5000/menu.php" "Mozilla/5.0 (X11; Ubuntu; Linux x86_64; rv:135.0) Gecko/20100101 Firefox/135.0"
mompopcafeapp | 172.16.51.51 - - [14/Feb/2025:09:41:15 +0000] "GET /images/Coffee.png HTTP/1.1" 200 4749595 "http://172.16.51.51:5000/menu.php" "Mozilla/5.0 (X11; Ubuntu; Linux x86_64; rv:135.0) Gecko/20100101 Firefox/135.0"
mompopcafeapp | 172.16.51.51 - - [14/Feb/2025:09:41:15 +0000] "GET /favicon.ico HTTP/1.1" 404 492 "http://172.16.51.51:5000/menu.php" "Mozilla/5.0 (X11; Ubuntu; Linux x86_64; rv:135.0) Gecko/20100101 Firefox/135.0"
mompopcafeapp | 127.0.0.1 - - [14/Feb/2025:09:41:20 +0000] "OPTIONS * HTTP/1.0" 200 126 "-" "Apache/2.4.54 (Debian) PHP/7.4.33 (internal dummy connection)"
mompopcafeapp | 127.0.0.1 - - [14/Feb/2025:09:41:21 +0000] "OPTIONS * HTTP/1.0" 200 126 "-" "Apache/2.4.54 (Debian) PHP/7.4.33 (internal dummy connection)"
mompopcafeapp | 172.16.51.51 - - [14/Feb/2025:09:41:26 +0000] "POST /processOrder.php HTTP/1.1" 200 948 "http://172.16.51.51:5000/menu.php" "Mozilla/5.0 (X11; Ubuntu; Linux x86_64; rv:135.0) Gecko/20100101 Firefox/135.0"
^CGracefully stopping... (press Ctrl+C again to force)
Stopping mompopcafeapp ... done
Stopping mysql         ... 
Killing mysql          ... error

ERROR: for mysql  Cannot kill container: 175c64a2ba4e86f5323907ae59cab7b75b7d6d5f9c966086e38d0aea3b5a00c9: Container 175c64a2ba4e86f5323907ae59cab7b75b7d6d5f9c966086e38d0aea3b5a00c9 is not running
ERROR: 2
msis@msis:~/Cafe_Dynamic_Website/mompopcafe$ sudo docker-compose down
[sudo] password for msis: 
Removing mompopcafeapp ... done
Removing mysql         ... done
Removing network cafe_dynamic_website_default
msis@msis:~/Cafe_Dynamic_Website/mompopcafe$ sudo docker ps
CONTAINER ID   IMAGE     COMMAND   CREATED   STATUS    PORTS     NAMES
msis@msis:~/Cafe_Dynamic_Website/mompopcafe$ cd ..
msis@msis:~/Cafe_Dynamic_Website$ cd 
msis@msis:~$ sudo git clone https://github.com/big-data-europe/docker-hadoop.git
Cloning into 'docker-hadoop'...
remote: Enumerating objects: 539, done.
remote: Counting objects: 100% (189/189), done.
remote: Compressing objects: 100% (23/23), done.
remote: Total 539 (delta 169), reused 166 (delta 166), pack-reused 350 (from 1)
Receiving objects: 100% (539/539), 108.00 KiB | 320.00 KiB/s, done.
Resolving deltas: 100% (251/251), done.
msis@msis:~$ ls
'\'                             bdajenkin              Desktop                     Documents                     Music          pt                 ye
 agent.jar                      bdajenkins             DevelperGroupPolicy.json    Downloads                     myenv          Public
 a.save                         cafeapp                docker-hadoop               file                          MyMavenApp     snap
 bankapp                        Cafe_Dynamic_Website   docker-muvolume             java-jsp-maven-webapp-ci-cd   phpmysql-app   streamlit_app.py
 basic-php-website              cafestatic             docker_test                 lab                           Pictures       Templates
 basic-php-website-book-album   cafe-static-website    docker-volumes-nodejs-app  'Mallikarjuna G M_241047006'   preetha        Videos
msis@msis:~$ sudo docker-
docker-compose             docker-hadoop/             docker-init                docker-muvolume/           docker-proxy               docker-volumes-nodejs-app/
msis@msis:~$ sudo docker-hadoop/
sudo: docker-hadoop/: command not found
msis@msis:~$ cd docker-hadoop
msis@msis:~/docker-hadoop$ ls
base  datanode  docker-compose-v3.yml  docker-compose.yml  hadoop.env  historyserver  Makefile  namenode  nginx  nodemanager  README.md  resourcemanager  submit
msis@msis:~/docker-hadoop$ 

